0 verbose cli C:\Program Files\nodejs\node.exe C:\Program Files\nodejs\node_modules\npm\bin\npm-cli.js
1 info using npm@11.17.0
2 info using node@v24.19.0
3 silly config load:file:C:\Program Files\nodejs\node_modules\npm\npmrc
4 silly config load:file:C:\Users\hsb06\OneDrive\바탕 화면\my-map-app\.npmrc
5 silly config load:file:C:\Users\hsb06\.npmrc
6 silly config load:file:C:\Users\hsb06\AppData\Roaming\npm\etc\npmrc
7 verbose title npm view expo-image@latest version
8 verbose argv "view" "expo-image@latest" "version" "--cache" ".\\.npm-cache"
9 verbose logfile logs-max:10 dir:C:\Users\hsb06\OneDrive\바탕 화면\my-map-app\.npm-cache\_logs\2026-08-13T12_51_17_282Z-
10 verbose logfile C:\Users\hsb06\OneDrive\바탕 화면\my-map-app\.npm-cache\_logs\2026-08-13T12_51_17_282Z-debug-0.log
11 silly logfile start cleaning logs, removing 3 files
12 silly logfile done cleaning log files
13 http fetch GET 200 https://registry.npmjs.org/expo-image 305ms (cache miss)
14 verbose cwd C:\Users\hsb06\OneDrive\바탕 화면\my-map-app
15 verbose os Windows_NT 10.0.26200
16 verbose node v24.19.0
17 verbose npm  v11.17.0
18 verbose exit 0
19 info ok
